2026-04-09 22:28:52 | INFO | CI | === RUN START ===
2026-04-09 22:28:52 | INFO | CI | project=Module 5: EVTL PIPELINE - WEB DOCUMENTS (HTML)
2026-04-09 22:28:52 | INFO | CI | repo_dir=nlp-05-web-documents
2026-04-09 22:28:52 | INFO | CI | python=3.14.3
2026-04-09 22:28:52 | INFO | CI | os=Darwin 23.4.0
2026-04-09 22:28:52 | INFO | CI | shell=zsh
2026-04-09 22:28:52 | INFO | CI | cwd=.
2026-04-09 22:28:52 | INFO | CI | github_actions=False
2026-04-09 22:28:52 | INFO | CI | START PIPELINE
2026-04-09 22:28:52 | INFO | CI | ROOT_PATH = .
2026-04-09 22:28:52 | INFO | CI | DATA_PATH = data
2026-04-09 22:28:52 | INFO | CI | RAW_PATH = data/raw
2026-04-09 22:28:52 | INFO | CI | PROCESSED_PATH = data/processed
2026-04-09 22:28:52 | INFO | CI | ========================
2026-04-09 22:28:52 | INFO | CI | STAGE 01: EXTRACT starting... 
2026-04-09 22:28:52 | INFO | CI | ========================
2026-04-09 22:28:52 | INFO | CI | EXTRACT: Fetching HTML from https://arxiv.org/abs/2602.20021
2026-04-09 22:28:52 | INFO | CI | SOURCE URL = https://arxiv.org/abs/2602.20021
2026-04-09 22:28:52 | INFO | CI | SINK PATH = data/raw/case_raw.html
2026-04-09 22:28:52 | INFO | CI | ========================
2026-04-09 22:28:52 | INFO | CI | STAGE 02: VALIDATE starting...
2026-04-09 22:28:52 | INFO | CI | ========================
2026-04-09 22:28:52 | INFO | CI | HTML STRUCTURE INSPECTION:
2026-04-09 22:28:52 | INFO | CI | Top-level type: BeautifulSoup
2026-04-09 22:28:52 | INFO | CI | Top-level elements: ['html']
2026-04-09 22:28:52 | INFO | CI | VALIDATE: Title found: True
2026-04-09 22:28:52 | INFO | CI | VALIDATE: Authors found: True
2026-04-09 22:28:52 | INFO | CI | VALIDATE: Abstract found: True
2026-04-09 22:28:52 | INFO | CI | VALIDATE: Subjects found: True
2026-04-09 22:28:52 | INFO | CI | VALIDATE: Dateline found: True
2026-04-09 22:28:52 | INFO | CI | VALIDATE: HTML structure is valid.
2026-04-09 22:28:52 | INFO | CI | Sink: validated BeautifulSoup object
2026-04-09 22:28:52 | INFO | CI | ========================
2026-04-09 22:28:52 | INFO | CI | STAGE 03: TRANSFORM starting...
2026-04-09 22:28:52 | INFO | CI | ========================
2026-04-09 22:28:52 | INFO | CI | Extracting metadata from HTML
2026-04-09 22:28:52 | INFO | CI | We must manually inspect the HTML structure to identify the fields we want to extract.
2026-04-09 22:28:52 | INFO | CI | For this arXiv page, we can extract:
- Title from <h1 class='title'>
- Authors from <div class='authors'>
- Abstract from <blockquote class='abstract'>
- Primary subject from <div class='subheader'>
- Submission date from <div class='dateline'>
- ArXiv ID from canonical link
2026-04-09 22:28:52 | INFO | CI | Replace any missing content with `unknown` to ensure all are strings.
2026-04-09 22:28:52 | INFO | CI | ========================
2026-04-09 22:28:52 | INFO | CI | STAGE 03a: Extract bibliographic fields (title, authors, abstract)
2026-04-09 22:28:52 | INFO | CI | ========================
2026-04-09 22:28:52 | INFO | CI | Extracted title: Agents of Chaos
2026-04-09 22:28:52 | INFO | CI | Extracted authors: Natalie Shapira, Chris Wendler, Avery Yen, Gabriele Sarti, Koyena Pal, Olivia Floody, Adam Belfki, Alex Loftus, Aditya Ratan Jannali, Nikhil Prakash, Jasmine Cui, Giordano Rogers, Jannik Brinkmann, Can Rager, Amir Zur, Michael Ripa, Aruna Sankaranarayanan, David Atkinson, Rohit Gandikota, Jaden Fiotto-Kaufman, EunJeong Hwang, Hadas Orgad, P Sam Sahil, Negev Taglicht, Tomer Shabtay, Atai Ambus, Nitay Alon, Shiri Oron, Ayelet Gordon-Tapiero, Yotam Kaplan, Vered Shwartz, Tamar Rott Shaham, Christoph Riedl, Reuth Mirsky, Maarten Sap, David Manheim, Tomer Ullman, David Bau
2026-04-09 22:28:52 | INFO | CI | Extracted abstract: We report an exploratory red-teaming study of autonomous language-model-powered agents deployed in a...
2026-04-09 22:28:52 | INFO | CI | ========================
2026-04-09 22:28:52 | INFO | CI | STAGE 03b: Extract metadata field subjects from subheader
2026-04-09 22:28:52 | INFO | CI | ========================
2026-04-09 22:28:52 | INFO | CI | Extracted subjects: Computer Science > Artificial Intelligence
2026-04-09 22:28:52 | INFO | CI | ========================
2026-04-09 22:28:52 | INFO | CI | STAGE 03c: Extract metadata field date from dateline
2026-04-09 22:28:52 | INFO | CI | ========================
2026-04-09 22:28:52 | INFO | CI | Extracted submitted: [Submitted on 23 Feb 2026]
2026-04-09 22:28:52 | INFO | CI | ========================
2026-04-09 22:28:52 | INFO | CI | STAGE 03d: Extract metadata field arxiv_id from canonical link
2026-04-09 22:28:52 | INFO | CI | ========================
2026-04-09 22:28:52 | INFO | CI | Extracted arxiv_id: 2602.20021
2026-04-09 22:28:52 | INFO | CI | ========================
2026-04-09 22:28:52 | INFO | CI | STAGE 03e: Calculate derived fields
2026-04-09 22:28:52 | INFO | CI | ========================
2026-04-09 22:28:52 | INFO | CI | Calculated abstract word count: 177
2026-04-09 22:28:52 | INFO | CI | Calculated author count: 38
2026-04-09 22:28:52 | INFO | CI | ========================
2026-04-09 22:28:52 | INFO | CI | STAGE 03f: Build record and create DataFrame
2026-04-09 22:28:52 | INFO | CI | ========================
2026-04-09 22:28:52 | INFO | CI | Created DataFrame with 1 row and 8 columns
2026-04-09 22:28:52 | INFO | CI | Columns: ['arxiv_id', 'title', 'authors', 'subjects', 'submitted', 'abstract', 'abstract_word_count', 'author_count']
2026-04-09 22:28:52 | INFO | CI | DataFrame Details
2026-04-09 22:28:52 | INFO | CI |   Title: Agents of Chaos
2026-04-09 22:28:52 | INFO | CI |   Author count: 38
2026-04-09 22:28:52 | INFO | CI |   Abstract word count: 177
2026-04-09 22:28:52 | INFO | CI |   DataFrame preview:
     arxiv_id            title  ... abstract_word_count author_count
0  2602.20021  Agents of Chaos  ...                 177           38

[1 rows x 8 columns]
2026-04-09 22:28:52 | INFO | CI | Sink: Pandas DataFrame created
2026-04-09 22:28:52 | INFO | CI | Transformation complete.
2026-04-09 22:28:52 | INFO | CI | ========================
2026-04-09 22:28:52 | INFO | CI | STAGE 04: LOAD starting...
2026-04-09 22:28:52 | INFO | CI | ========================
2026-04-09 22:28:52 | INFO | CI | SINK PATH = data/processed/case_processed.csv
2026-04-09 22:28:52 | INFO | CI | ========================
2026-04-09 22:28:52 | INFO | CI | Pipeline executed successfully!
2026-04-09 22:28:52 | INFO | CI | ========================
2026-04-10 18:07:20 | INFO | CI | === RUN START ===
2026-04-10 18:07:20 | INFO | CI | project=Module 5: EVTL PIPELINE - WEB DOCUMENTS (HTML)
2026-04-10 18:07:20 | INFO | CI | repo_dir=nlp-05-web-documents
2026-04-10 18:07:20 | INFO | CI | python=3.14.3
2026-04-10 18:07:20 | INFO | CI | os=Darwin 23.4.0
2026-04-10 18:07:20 | INFO | CI | shell=zsh
2026-04-10 18:07:20 | INFO | CI | cwd=.
2026-04-10 18:07:20 | INFO | CI | github_actions=False
2026-04-10 18:07:20 | INFO | CI | START PIPELINE
2026-04-10 18:07:20 | INFO | CI | ROOT_PATH = .
2026-04-10 18:07:20 | INFO | CI | DATA_PATH = data
2026-04-10 18:07:20 | INFO | CI | RAW_PATH = data/raw
2026-04-10 18:07:20 | INFO | CI | PROCESSED_PATH = data/processed
2026-04-10 18:07:20 | INFO | CI | ========================
2026-04-10 18:07:20 | INFO | CI | STAGE 01: EXTRACT starting... 
2026-04-10 18:07:20 | INFO | CI | ========================
2026-04-10 18:07:20 | INFO | CI | EXTRACT: Fetching HTML from https://arxiv.org/abs/2602.20021
2026-04-10 18:07:20 | INFO | CI | SOURCE URL = https://arxiv.org/abs/2602.20021
2026-04-10 18:07:20 | INFO | CI | SINK PATH = data/raw/case_raw.html
2026-04-10 18:07:20 | INFO | CI | ========================
2026-04-10 18:07:20 | INFO | CI | STAGE 02: VALIDATE starting...
2026-04-10 18:07:20 | INFO | CI | ========================
2026-04-10 18:07:20 | INFO | CI | HTML STRUCTURE INSPECTION:
2026-04-10 18:07:20 | INFO | CI | Top-level type: BeautifulSoup
2026-04-10 18:07:20 | INFO | CI | Top-level elements: ['html']
2026-04-10 18:07:20 | INFO | CI | VALIDATE: Title found: True
2026-04-10 18:07:20 | INFO | CI | VALIDATE: Authors found: True
2026-04-10 18:07:20 | INFO | CI | VALIDATE: Abstract found: True
2026-04-10 18:07:20 | INFO | CI | VALIDATE: Subjects found: True
2026-04-10 18:07:20 | INFO | CI | VALIDATE: Dateline found: True
2026-04-10 18:07:20 | INFO | CI | VALIDATE: HTML structure is valid.
2026-04-10 18:07:20 | INFO | CI | Sink: validated BeautifulSoup object
2026-04-10 18:07:20 | INFO | CI | ========================
2026-04-10 18:07:20 | INFO | CI | STAGE 03: TRANSFORM starting...
2026-04-10 18:07:20 | INFO | CI | ========================
2026-04-10 18:07:20 | INFO | CI | Extracting metadata from HTML
2026-04-10 18:07:20 | INFO | CI | We must manually inspect the HTML structure to identify the fields we want to extract.
2026-04-10 18:07:20 | INFO | CI | For this arXiv page, we can extract:
- Title from <h1 class='title'>
- Authors from <div class='authors'>
- Abstract from <blockquote class='abstract'>
- Primary subject from <div class='subheader'>
- Submission date from <div class='dateline'>
- ArXiv ID from canonical link
2026-04-10 18:07:20 | INFO | CI | Replace any missing content with `unknown` to ensure all are strings.
2026-04-10 18:07:20 | INFO | CI | ========================
2026-04-10 18:07:20 | INFO | CI | STAGE 03a: Extract bibliographic fields (title, authors, abstract)
2026-04-10 18:07:20 | INFO | CI | ========================
2026-04-10 18:07:20 | INFO | CI | Extracted title: Agents of Chaos
2026-04-10 18:07:20 | INFO | CI | Extracted authors: Natalie Shapira, Chris Wendler, Avery Yen, Gabriele Sarti, Koyena Pal, Olivia Floody, Adam Belfki, Alex Loftus, Aditya Ratan Jannali, Nikhil Prakash, Jasmine Cui, Giordano Rogers, Jannik Brinkmann, Can Rager, Amir Zur, Michael Ripa, Aruna Sankaranarayanan, David Atkinson, Rohit Gandikota, Jaden Fiotto-Kaufman, EunJeong Hwang, Hadas Orgad, P Sam Sahil, Negev Taglicht, Tomer Shabtay, Atai Ambus, Nitay Alon, Shiri Oron, Ayelet Gordon-Tapiero, Yotam Kaplan, Vered Shwartz, Tamar Rott Shaham, Christoph Riedl, Reuth Mirsky, Maarten Sap, David Manheim, Tomer Ullman, David Bau
2026-04-10 18:07:20 | INFO | CI | Extracted abstract: We report an exploratory red-teaming study of autonomous language-model-powered agents deployed in a...
2026-04-10 18:07:20 | INFO | CI | ========================
2026-04-10 18:07:20 | INFO | CI | STAGE 03b: Extract metadata field subjects from subheader
2026-04-10 18:07:20 | INFO | CI | ========================
2026-04-10 18:07:20 | INFO | CI | Extracted subjects: Computer Science > Artificial Intelligence
2026-04-10 18:07:20 | INFO | CI | ========================
2026-04-10 18:07:20 | INFO | CI | STAGE 03c: Extract metadata field date from dateline
2026-04-10 18:07:20 | INFO | CI | ========================
2026-04-10 18:07:20 | INFO | CI | Extracted submitted: [Submitted on 23 Feb 2026]
2026-04-10 18:07:20 | INFO | CI | ========================
2026-04-10 18:07:20 | INFO | CI | STAGE 03d: Extract metadata field arxiv_id from canonical link
2026-04-10 18:07:20 | INFO | CI | ========================
2026-04-10 18:07:20 | INFO | CI | Extracted arxiv_id: 2602.20021
2026-04-10 18:07:20 | INFO | CI | ========================
2026-04-10 18:07:20 | INFO | CI | STAGE 03e: Calculate derived fields
2026-04-10 18:07:20 | INFO | CI | ========================
2026-04-10 18:07:20 | INFO | CI | Calculated abstract word count: 177
2026-04-10 18:07:20 | INFO | CI | Calculated author count: 38
2026-04-10 18:07:20 | INFO | CI | ========================
2026-04-10 18:07:20 | INFO | CI | STAGE 03f: Build record and create DataFrame
2026-04-10 18:07:20 | INFO | CI | ========================
2026-04-10 18:07:20 | INFO | CI | Created DataFrame with 1 row and 8 columns
2026-04-10 18:07:20 | INFO | CI | Columns: ['arxiv_id', 'title', 'authors', 'subjects', 'submitted', 'abstract', 'abstract_word_count', 'author_count']
2026-04-10 18:07:20 | INFO | CI | DataFrame Details
2026-04-10 18:07:20 | INFO | CI |   Title: Agents of Chaos
2026-04-10 18:07:20 | INFO | CI |   Author count: 38
2026-04-10 18:07:20 | INFO | CI |   Abstract word count: 177
2026-04-10 18:07:20 | INFO | CI |   DataFrame preview:
     arxiv_id            title  ... abstract_word_count author_count
0  2602.20021  Agents of Chaos  ...                 177           38

[1 rows x 8 columns]
2026-04-10 18:07:20 | INFO | CI | Sink: Pandas DataFrame created
2026-04-10 18:07:20 | INFO | CI | Transformation complete.
2026-04-10 18:07:20 | INFO | CI | ========================
2026-04-10 18:07:20 | INFO | CI | STAGE 04: LOAD starting...
2026-04-10 18:07:20 | INFO | CI | ========================
2026-04-10 18:07:20 | INFO | CI | SINK PATH = data/processed/case_processed.csv
2026-04-10 18:07:20 | INFO | CI | ========================
2026-04-10 18:07:20 | INFO | CI | Pipeline executed successfully!
2026-04-10 18:07:20 | INFO | CI | ========================
2026-04-10 18:17:54 | INFO | CI | === RUN START ===
2026-04-10 18:17:54 | INFO | CI | project=Module 5: EVTL PIPELINE - WEB DOCUMENTS (HTML)
2026-04-10 18:17:54 | INFO | CI | repo_dir=nlp-05-web-documents
2026-04-10 18:17:54 | INFO | CI | python=3.14.3
2026-04-10 18:17:54 | INFO | CI | os=Darwin 23.4.0
2026-04-10 18:17:54 | INFO | CI | shell=zsh
2026-04-10 18:17:54 | INFO | CI | cwd=.
2026-04-10 18:17:54 | INFO | CI | github_actions=False
2026-04-10 18:17:54 | INFO | CI | START PIPELINE
2026-04-10 18:17:54 | INFO | CI | ROOT_PATH = .
2026-04-10 18:17:54 | INFO | CI | DATA_PATH = data
2026-04-10 18:17:54 | INFO | CI | RAW_PATH = data/raw
2026-04-10 18:17:54 | INFO | CI | PROCESSED_PATH = data/processed
2026-04-10 18:17:54 | INFO | CI | ========================
2026-04-10 18:17:54 | INFO | CI | STAGE 01: EXTRACT starting... 
2026-04-10 18:17:54 | INFO | CI | ========================
2026-04-10 18:17:54 | INFO | CI | EXTRACT: Fetching HTML from https://arxiv.org/abs/2602.20021
2026-04-10 18:17:54 | INFO | CI | SOURCE URL = https://arxiv.org/abs/2602.20021
2026-04-10 18:17:54 | INFO | CI | SINK PATH = data/raw/case_raw.html
2026-04-10 18:17:54 | INFO | CI | ========================
2026-04-10 18:17:54 | INFO | CI | STAGE 02: VALIDATE starting...
2026-04-10 18:17:54 | INFO | CI | ========================
2026-04-10 18:17:54 | INFO | CI | HTML STRUCTURE INSPECTION:
2026-04-10 18:17:54 | INFO | CI | Top-level type: BeautifulSoup
2026-04-10 18:17:54 | INFO | CI | Top-level elements: ['html']
2026-04-10 18:17:54 | INFO | CI | VALIDATE: Title found: True
2026-04-10 18:17:54 | INFO | CI | VALIDATE: Authors found: True
2026-04-10 18:17:54 | INFO | CI | VALIDATE: Abstract found: True
2026-04-10 18:17:54 | INFO | CI | VALIDATE: Subjects found: True
2026-04-10 18:17:54 | INFO | CI | VALIDATE: Dateline found: True
2026-04-10 18:17:54 | INFO | CI | VALIDATE: HTML structure is valid.
2026-04-10 18:17:54 | INFO | CI | Sink: validated BeautifulSoup object
2026-04-10 18:17:54 | INFO | CI | ========================
2026-04-10 18:17:54 | INFO | CI | STAGE 03: TRANSFORM starting...
2026-04-10 18:17:54 | INFO | CI | ========================
2026-04-10 18:17:54 | INFO | CI | Extracting metadata from HTML
2026-04-10 18:17:54 | INFO | CI | We must manually inspect the HTML structure to identify the fields we want to extract.
2026-04-10 18:17:54 | INFO | CI | For this arXiv page, we can extract:
- Title from <h1 class='title'>
- Authors from <div class='authors'>
- Abstract from <blockquote class='abstract'>
- Primary subject from <div class='subheader'>
- Submission date from <div class='dateline'>
- ArXiv ID from canonical link
2026-04-10 18:17:54 | INFO | CI | Replace any missing content with `unknown` to ensure all are strings.
2026-04-10 18:17:54 | INFO | CI | ========================
2026-04-10 18:17:54 | INFO | CI | STAGE 03a: Extract bibliographic fields (title, authors, abstract)
2026-04-10 18:17:54 | INFO | CI | ========================
2026-04-10 18:17:54 | INFO | CI | Extracted title: Agents of Chaos
2026-04-10 18:17:54 | INFO | CI | Extracted authors: Natalie Shapira, Chris Wendler, Avery Yen, Gabriele Sarti, Koyena Pal, Olivia Floody, Adam Belfki, Alex Loftus, Aditya Ratan Jannali, Nikhil Prakash, Jasmine Cui, Giordano Rogers, Jannik Brinkmann, Can Rager, Amir Zur, Michael Ripa, Aruna Sankaranarayanan, David Atkinson, Rohit Gandikota, Jaden Fiotto-Kaufman, EunJeong Hwang, Hadas Orgad, P Sam Sahil, Negev Taglicht, Tomer Shabtay, Atai Ambus, Nitay Alon, Shiri Oron, Ayelet Gordon-Tapiero, Yotam Kaplan, Vered Shwartz, Tamar Rott Shaham, Christoph Riedl, Reuth Mirsky, Maarten Sap, David Manheim, Tomer Ullman, David Bau
2026-04-10 18:17:54 | INFO | CI | Extracted abstract: We report an exploratory red-teaming study of autonomous language-model-powered agents deployed in a...
2026-04-10 18:17:54 | INFO | CI | ========================
2026-04-10 18:17:54 | INFO | CI | STAGE 03b: Extract metadata field subjects from subheader
2026-04-10 18:17:54 | INFO | CI | ========================
2026-04-10 18:17:54 | INFO | CI | Extracted subjects: Computer Science > Artificial Intelligence
2026-04-10 18:17:54 | INFO | CI | ========================
2026-04-10 18:17:54 | INFO | CI | STAGE 03c: Extract metadata field date from dateline
2026-04-10 18:17:54 | INFO | CI | ========================
2026-04-10 18:17:54 | INFO | CI | Extracted submitted: [Submitted on 23 Feb 2026]
2026-04-10 18:17:54 | INFO | CI | ========================
2026-04-10 18:17:54 | INFO | CI | STAGE 03d: Extract metadata field arxiv_id from canonical link
2026-04-10 18:17:54 | INFO | CI | ========================
2026-04-10 18:17:54 | INFO | CI | Extracted arxiv_id: 2602.20021
2026-04-10 18:17:54 | INFO | CI | ========================
2026-04-10 18:17:54 | INFO | CI | STAGE 03e: Calculate derived fields
2026-04-10 18:17:54 | INFO | CI | ========================
2026-04-10 18:17:54 | INFO | CI | Calculated abstract word count: 177
2026-04-10 18:17:54 | INFO | CI | Calculated author count: 38
2026-04-10 18:17:54 | INFO | CI | ========================
2026-04-10 18:17:54 | INFO | CI | STAGE 03f: Build record and create DataFrame
2026-04-10 18:17:54 | INFO | CI | ========================
2026-04-10 18:17:54 | INFO | CI | Created DataFrame with 1 row and 8 columns
2026-04-10 18:17:54 | INFO | CI | Columns: ['arxiv_id', 'title', 'authors', 'subjects', 'submitted', 'abstract', 'abstract_word_count', 'author_count']
2026-04-10 18:17:54 | INFO | CI | DataFrame Details
2026-04-10 18:17:54 | INFO | CI |   Title: Agents of Chaos
2026-04-10 18:17:54 | INFO | CI |   Author count: 38
2026-04-10 18:17:54 | INFO | CI |   Abstract word count: 177
2026-04-10 18:17:54 | INFO | CI |   DataFrame preview:
     arxiv_id            title  ... abstract_word_count author_count
0  2602.20021  Agents of Chaos  ...                 177           38

[1 rows x 8 columns]
2026-04-10 18:17:54 | INFO | CI | Sink: Pandas DataFrame created
2026-04-10 18:17:54 | INFO | CI | Transformation complete.
2026-04-10 18:17:54 | INFO | CI | ========================
2026-04-10 18:17:54 | INFO | CI | STAGE 04: LOAD starting...
2026-04-10 18:17:54 | INFO | CI | ========================
2026-04-10 18:17:54 | INFO | CI | SINK PATH = data/processed/case_processed.csv
2026-04-10 18:17:54 | INFO | CI | ========================
2026-04-10 18:17:54 | INFO | CI | Pipeline executed successfully!
2026-04-10 18:17:54 | INFO | CI | ========================
2026-04-10 18:19:21 | INFO | CI | === RUN START ===
2026-04-10 18:19:21 | INFO | CI | project=Module 5: EVTL PIPELINE - WEB DOCUMENTS (HTML)
2026-04-10 18:19:21 | INFO | CI | repo_dir=nlp-05-web-documents
2026-04-10 18:19:21 | INFO | CI | python=3.14.3
2026-04-10 18:19:21 | INFO | CI | os=Darwin 23.4.0
2026-04-10 18:19:21 | INFO | CI | shell=zsh
2026-04-10 18:19:21 | INFO | CI | cwd=.
2026-04-10 18:19:21 | INFO | CI | github_actions=False
2026-04-10 18:19:21 | INFO | CI | START PIPELINE
2026-04-10 18:19:21 | INFO | CI | ROOT_PATH = .
2026-04-10 18:19:21 | INFO | CI | DATA_PATH = data
2026-04-10 18:19:21 | INFO | CI | RAW_PATH = data/raw
2026-04-10 18:19:21 | INFO | CI | PROCESSED_PATH = data/processed
2026-04-10 18:19:21 | INFO | CI | ========================
2026-04-10 18:19:21 | INFO | CI | STAGE 01: EXTRACT starting... 
2026-04-10 18:19:21 | INFO | CI | ========================
2026-04-10 18:19:21 | INFO | CI | EXTRACT: Fetching HTML from https://arxiv.org/abs/2602.20021
2026-04-10 18:19:21 | INFO | CI | SOURCE URL = https://arxiv.org/abs/2602.20021
2026-04-10 18:19:21 | INFO | CI | SINK PATH = data/raw/case_raw.html
2026-04-10 18:19:21 | INFO | CI | ========================
2026-04-10 18:19:21 | INFO | CI | STAGE 02: VALIDATE starting...
2026-04-10 18:19:21 | INFO | CI | ========================
2026-04-10 18:19:21 | INFO | CI | HTML STRUCTURE INSPECTION:
2026-04-10 18:19:21 | INFO | CI | Top-level type: BeautifulSoup
2026-04-10 18:19:21 | INFO | CI | Top-level elements: ['html']
2026-04-10 18:19:21 | INFO | CI | VALIDATE: Title found: True
2026-04-10 18:19:21 | INFO | CI | VALIDATE: Authors found: True
2026-04-10 18:19:21 | INFO | CI | VALIDATE: Abstract found: True
2026-04-10 18:19:21 | INFO | CI | VALIDATE: Subjects found: True
2026-04-10 18:19:21 | INFO | CI | VALIDATE: Dateline found: True
2026-04-10 18:19:21 | INFO | CI | VALIDATE: HTML structure is valid.
2026-04-10 18:19:21 | INFO | CI | Sink: validated BeautifulSoup object
2026-04-10 18:19:21 | INFO | CI | ========================
2026-04-10 18:19:21 | INFO | CI | STAGE 03: TRANSFORM starting...
2026-04-10 18:19:21 | INFO | CI | ========================
2026-04-10 18:19:21 | INFO | CI | Extracting metadata from HTML
2026-04-10 18:19:21 | INFO | CI | We must manually inspect the HTML structure to identify the fields we want to extract.
2026-04-10 18:19:21 | INFO | CI | For this arXiv page, we can extract:
- Title from <h1 class='title'>
- Authors from <div class='authors'>
- Abstract from <blockquote class='abstract'>
- Primary subject from <div class='subheader'>
- Submission date from <div class='dateline'>
- ArXiv ID from canonical link
2026-04-10 18:19:21 | INFO | CI | Replace any missing content with `unknown` to ensure all are strings.
2026-04-10 18:19:21 | INFO | CI | ========================
2026-04-10 18:19:21 | INFO | CI | STAGE 03a: Extract bibliographic fields (title, authors, abstract)
2026-04-10 18:19:21 | INFO | CI | ========================
2026-04-10 18:19:21 | INFO | CI | Extracted title: Agents of Chaos
2026-04-10 18:19:21 | INFO | CI | Extracted authors: Natalie Shapira, Chris Wendler, Avery Yen, Gabriele Sarti, Koyena Pal, Olivia Floody, Adam Belfki, Alex Loftus, Aditya Ratan Jannali, Nikhil Prakash, Jasmine Cui, Giordano Rogers, Jannik Brinkmann, Can Rager, Amir Zur, Michael Ripa, Aruna Sankaranarayanan, David Atkinson, Rohit Gandikota, Jaden Fiotto-Kaufman, EunJeong Hwang, Hadas Orgad, P Sam Sahil, Negev Taglicht, Tomer Shabtay, Atai Ambus, Nitay Alon, Shiri Oron, Ayelet Gordon-Tapiero, Yotam Kaplan, Vered Shwartz, Tamar Rott Shaham, Christoph Riedl, Reuth Mirsky, Maarten Sap, David Manheim, Tomer Ullman, David Bau
2026-04-10 18:19:21 | INFO | CI | Extracted abstract: We report an exploratory red-teaming study of autonomous language-model-powered agents deployed in a...
2026-04-10 18:19:21 | INFO | CI | ========================
2026-04-10 18:19:21 | INFO | CI | STAGE 03b: Extract metadata field subjects from subheader
2026-04-10 18:19:21 | INFO | CI | ========================
2026-04-10 18:19:21 | INFO | CI | Extracted subjects: Computer Science > Artificial Intelligence
2026-04-10 18:19:21 | INFO | CI | ========================
2026-04-10 18:19:21 | INFO | CI | STAGE 03c: Extract metadata field date from dateline
2026-04-10 18:19:21 | INFO | CI | ========================
2026-04-10 18:19:21 | INFO | CI | Extracted submitted: [Submitted on 23 Feb 2026]
2026-04-10 18:19:21 | INFO | CI | ========================
2026-04-10 18:19:21 | INFO | CI | STAGE 03d: Extract metadata field arxiv_id from canonical link
2026-04-10 18:19:21 | INFO | CI | ========================
2026-04-10 18:19:21 | INFO | CI | Extracted arxiv_id: 2602.20021
2026-04-10 18:19:21 | INFO | CI | ========================
2026-04-10 18:19:21 | INFO | CI | STAGE 03e: Calculate derived fields
2026-04-10 18:19:21 | INFO | CI | ========================
2026-04-10 18:19:21 | INFO | CI | Calculated abstract word count: 177
2026-04-10 18:19:21 | INFO | CI | Calculated author count: 38
2026-04-10 18:19:21 | INFO | CI | ========================
2026-04-10 18:19:21 | INFO | CI | STAGE 03f: Build record and create DataFrame
2026-04-10 18:19:21 | INFO | CI | ========================
2026-04-10 18:19:21 | INFO | CI | Created DataFrame with 1 row and 8 columns
2026-04-10 18:19:21 | INFO | CI | Columns: ['arxiv_id', 'title', 'authors', 'subjects', 'submitted', 'abstract', 'abstract_word_count', 'author_count']
2026-04-10 18:19:21 | INFO | CI | DataFrame Details
2026-04-10 18:19:21 | INFO | CI |   Title: Agents of Chaos
2026-04-10 18:19:21 | INFO | CI |   Author count: 38
2026-04-10 18:19:21 | INFO | CI |   Abstract word count: 177
2026-04-10 18:19:21 | INFO | CI |   DataFrame preview:
     arxiv_id            title  ... abstract_word_count author_count
0  2602.20021  Agents of Chaos  ...                 177           38

[1 rows x 8 columns]
2026-04-10 18:19:21 | INFO | CI | Sink: Pandas DataFrame created
2026-04-10 18:19:21 | INFO | CI | Transformation complete.
2026-04-10 18:19:21 | INFO | CI | ========================
2026-04-10 18:19:21 | INFO | CI | STAGE 04: LOAD starting...
2026-04-10 18:19:21 | INFO | CI | ========================
2026-04-10 18:19:21 | INFO | CI | SINK PATH = data/processed/case_processed.csv
2026-04-10 18:19:21 | INFO | CI | ========================
2026-04-10 18:19:21 | INFO | CI | Pipeline executed successfully!
2026-04-10 18:19:21 | INFO | CI | ========================
2026-04-10 18:24:33 | INFO | CI | === RUN START ===
2026-04-10 18:24:33 | INFO | CI | project=Module 5: EVTL PIPELINE - WEB DOCUMENTS (HTML)
2026-04-10 18:24:33 | INFO | CI | repo_dir=nlp-05-web-documents
2026-04-10 18:24:33 | INFO | CI | python=3.14.3
2026-04-10 18:24:33 | INFO | CI | os=Darwin 23.4.0
2026-04-10 18:24:33 | INFO | CI | shell=zsh
2026-04-10 18:24:33 | INFO | CI | cwd=.
2026-04-10 18:24:33 | INFO | CI | github_actions=False
2026-04-10 18:24:33 | INFO | CI | START PIPELINE
2026-04-10 18:24:33 | INFO | CI | ROOT_PATH = .
2026-04-10 18:24:33 | INFO | CI | DATA_PATH = data
2026-04-10 18:24:33 | INFO | CI | RAW_PATH = data/raw
2026-04-10 18:24:33 | INFO | CI | PROCESSED_PATH = data/processed
2026-04-10 18:24:33 | INFO | CI | ========================
2026-04-10 18:24:33 | INFO | CI | STAGE 01: EXTRACT starting... 
2026-04-10 18:24:33 | INFO | CI | ========================
2026-04-10 18:24:33 | INFO | CI | EXTRACT: Fetching HTML from https://arxiv.org/abs/2602.20021
2026-04-10 18:24:33 | INFO | CI | SOURCE URL = https://arxiv.org/abs/2602.20021
2026-04-10 18:24:33 | INFO | CI | SINK PATH = data/raw/case_raw.html
2026-04-10 18:24:33 | INFO | CI | ========================
2026-04-10 18:24:33 | INFO | CI | STAGE 02: VALIDATE starting...
2026-04-10 18:24:33 | INFO | CI | ========================
2026-04-10 18:24:33 | INFO | CI | HTML STRUCTURE INSPECTION:
2026-04-10 18:24:33 | INFO | CI | Top-level type: BeautifulSoup
2026-04-10 18:24:33 | INFO | CI | Top-level elements: ['html']
2026-04-10 18:24:33 | INFO | CI | VALIDATE: Title found: True
2026-04-10 18:24:33 | INFO | CI | VALIDATE: Authors found: True
2026-04-10 18:24:33 | INFO | CI | VALIDATE: Abstract found: True
2026-04-10 18:24:33 | INFO | CI | VALIDATE: Subjects found: True
2026-04-10 18:24:33 | INFO | CI | VALIDATE: Dateline found: True
2026-04-10 18:24:33 | INFO | CI | VALIDATE: HTML structure is valid.
2026-04-10 18:24:33 | INFO | CI | Sink: validated BeautifulSoup object
2026-04-10 18:24:33 | INFO | CI | ========================
2026-04-10 18:24:33 | INFO | CI | STAGE 03: TRANSFORM starting...
2026-04-10 18:24:33 | INFO | CI | ========================
2026-04-10 18:24:33 | INFO | CI | Extracting metadata from HTML
2026-04-10 18:24:33 | INFO | CI | We must manually inspect the HTML structure to identify the fields we want to extract.
2026-04-10 18:24:33 | INFO | CI | For this arXiv page, we can extract:
- Title from <h1 class='title'>
- Authors from <div class='authors'>
- Abstract from <blockquote class='abstract'>
- Primary subject from <div class='subheader'>
- Submission date from <div class='dateline'>
- ArXiv ID from canonical link
2026-04-10 18:24:33 | INFO | CI | Replace any missing content with `unknown` to ensure all are strings.
2026-04-10 18:24:33 | INFO | CI | ========================
2026-04-10 18:24:33 | INFO | CI | STAGE 03a: Extract bibliographic fields (title, authors, abstract)
2026-04-10 18:24:33 | INFO | CI | ========================
2026-04-10 18:24:33 | INFO | CI | Extracted title: Agents of Chaos
2026-04-10 18:24:33 | INFO | CI | Extracted authors: Natalie Shapira, Chris Wendler, Avery Yen, Gabriele Sarti, Koyena Pal, Olivia Floody, Adam Belfki, Alex Loftus, Aditya Ratan Jannali, Nikhil Prakash, Jasmine Cui, Giordano Rogers, Jannik Brinkmann, Can Rager, Amir Zur, Michael Ripa, Aruna Sankaranarayanan, David Atkinson, Rohit Gandikota, Jaden Fiotto-Kaufman, EunJeong Hwang, Hadas Orgad, P Sam Sahil, Negev Taglicht, Tomer Shabtay, Atai Ambus, Nitay Alon, Shiri Oron, Ayelet Gordon-Tapiero, Yotam Kaplan, Vered Shwartz, Tamar Rott Shaham, Christoph Riedl, Reuth Mirsky, Maarten Sap, David Manheim, Tomer Ullman, David Bau
2026-04-10 18:24:33 | INFO | CI | Extracted abstract: We report an exploratory red-teaming study of autonomous language-model-powered agents deployed in a...
2026-04-10 18:24:33 | INFO | CI | ========================
2026-04-10 18:24:33 | INFO | CI | STAGE 03b: Extract metadata field subjects from subheader
2026-04-10 18:24:33 | INFO | CI | ========================
2026-04-10 18:24:33 | INFO | CI | Extracted subjects: Computer Science > Artificial Intelligence
2026-04-10 18:24:33 | INFO | CI | ========================
2026-04-10 18:24:33 | INFO | CI | STAGE 03c: Extract metadata field date from dateline
2026-04-10 18:24:33 | INFO | CI | ========================
2026-04-10 18:24:33 | INFO | CI | Extracted submitted: [Submitted on 23 Feb 2026]
2026-04-10 18:24:33 | INFO | CI | ========================
2026-04-10 18:24:33 | INFO | CI | STAGE 03d: Extract metadata field arxiv_id from canonical link
2026-04-10 18:24:33 | INFO | CI | ========================
2026-04-10 18:24:33 | INFO | CI | Extracted arxiv_id: 2602.20021
2026-04-10 18:24:33 | INFO | CI | ========================
2026-04-10 18:24:33 | INFO | CI | STAGE 03e: Calculate derived fields
2026-04-10 18:24:33 | INFO | CI | ========================
2026-04-10 18:24:33 | INFO | CI | Calculated abstract word count: 177
2026-04-10 18:24:33 | INFO | CI | Calculated author count: 38
2026-04-10 18:24:33 | INFO | CI | ========================
2026-04-10 18:24:33 | INFO | CI | STAGE 03f: Build record and create DataFrame
2026-04-10 18:24:33 | INFO | CI | ========================
2026-04-10 18:24:33 | INFO | CI | Created DataFrame with 1 row and 8 columns
2026-04-10 18:24:33 | INFO | CI | Columns: ['arxiv_id', 'title', 'authors', 'subjects', 'submitted', 'abstract', 'abstract_word_count', 'author_count']
2026-04-10 18:24:33 | INFO | CI | DataFrame Details
2026-04-10 18:24:33 | INFO | CI |   Title: Agents of Chaos
2026-04-10 18:24:33 | INFO | CI |   Author count: 38
2026-04-10 18:24:33 | INFO | CI |   Abstract word count: 177
2026-04-10 18:24:33 | INFO | CI |   DataFrame preview:
     arxiv_id            title  ... abstract_word_count author_count
0  2602.20021  Agents of Chaos  ...                 177           38

[1 rows x 8 columns]
2026-04-10 18:24:33 | INFO | CI | Sink: Pandas DataFrame created
2026-04-10 18:24:33 | INFO | CI | Transformation complete.
2026-04-10 18:24:33 | INFO | CI | ========================
2026-04-10 18:24:33 | INFO | CI | STAGE 04: LOAD starting...
2026-04-10 18:24:33 | INFO | CI | ========================
2026-04-10 18:24:33 | INFO | CI | SINK PATH = data/processed/case_processed.csv
2026-04-10 18:24:33 | INFO | CI | ========================
2026-04-10 18:24:33 | INFO | CI | Pipeline executed successfully!
2026-04-10 18:24:33 | INFO | CI | ========================
2026-04-10 18:27:16 | INFO | CI | === RUN START ===
2026-04-10 18:27:16 | INFO | CI | project=Module 5: EVTL PIPELINE - WEB DOCUMENTS (HTML)
2026-04-10 18:27:16 | INFO | CI | repo_dir=nlp-05-web-documents
2026-04-10 18:27:16 | INFO | CI | python=3.14.3
2026-04-10 18:27:16 | INFO | CI | os=Darwin 23.4.0
2026-04-10 18:27:16 | INFO | CI | shell=zsh
2026-04-10 18:27:16 | INFO | CI | cwd=.
2026-04-10 18:27:16 | INFO | CI | github_actions=False
2026-04-10 18:27:16 | INFO | CI | START PIPELINE
2026-04-10 18:27:16 | INFO | CI | ROOT_PATH = .
2026-04-10 18:27:16 | INFO | CI | DATA_PATH = data
2026-04-10 18:27:16 | INFO | CI | RAW_PATH = data/raw
2026-04-10 18:27:16 | INFO | CI | PROCESSED_PATH = data/processed
2026-04-10 18:27:16 | INFO | CI | ========================
2026-04-10 18:27:16 | INFO | CI | STAGE 01: EXTRACT starting... 
2026-04-10 18:27:16 | INFO | CI | ========================
2026-04-10 18:27:16 | INFO | CI | EXTRACT: Fetching HTML from https://arxiv.org/abs/2602.20021
2026-04-10 18:27:16 | INFO | CI | SOURCE URL = https://arxiv.org/abs/2602.20021
2026-04-10 18:27:16 | INFO | CI | SINK PATH = data/raw/case_raw.html
2026-04-10 18:27:16 | INFO | CI | ========================
2026-04-10 18:27:16 | INFO | CI | STAGE 02: VALIDATE starting...
2026-04-10 18:27:16 | INFO | CI | ========================
2026-04-10 18:27:16 | INFO | CI | HTML STRUCTURE INSPECTION:
2026-04-10 18:27:16 | INFO | CI | Top-level type: BeautifulSoup
2026-04-10 18:27:16 | INFO | CI | Top-level elements: ['html']
2026-04-10 18:27:16 | INFO | CI | VALIDATE: Title found: True
2026-04-10 18:27:16 | INFO | CI | VALIDATE: Authors found: True
2026-04-10 18:27:16 | INFO | CI | VALIDATE: Abstract found: True
2026-04-10 18:27:16 | INFO | CI | VALIDATE: Subjects found: True
2026-04-10 18:27:16 | INFO | CI | VALIDATE: Dateline found: True
2026-04-10 18:27:16 | INFO | CI | VALIDATE: HTML structure is valid.
2026-04-10 18:27:16 | INFO | CI | Sink: validated BeautifulSoup object
2026-04-10 18:27:16 | INFO | CI | ========================
2026-04-10 18:27:16 | INFO | CI | STAGE 03: TRANSFORM starting...
2026-04-10 18:27:16 | INFO | CI | ========================
2026-04-10 18:27:16 | INFO | CI | Extracting metadata from HTML
2026-04-10 18:27:16 | INFO | CI | We must manually inspect the HTML structure to identify the fields we want to extract.
2026-04-10 18:27:16 | INFO | CI | For this arXiv page, we can extract:
- Title from <h1 class='title'>
- Authors from <div class='authors'>
- Abstract from <blockquote class='abstract'>
- Primary subject from <div class='subheader'>
- Submission date from <div class='dateline'>
- ArXiv ID from canonical link
2026-04-10 18:27:16 | INFO | CI | Replace any missing content with `unknown` to ensure all are strings.
2026-04-10 18:27:16 | INFO | CI | ========================
2026-04-10 18:27:16 | INFO | CI | STAGE 03a: Extract bibliographic fields (title, authors, abstract)
2026-04-10 18:27:16 | INFO | CI | ========================
2026-04-10 18:27:16 | INFO | CI | Extracted title: Agents of Chaos
2026-04-10 18:27:16 | INFO | CI | Extracted authors: Natalie Shapira, Chris Wendler, Avery Yen, Gabriele Sarti, Koyena Pal, Olivia Floody, Adam Belfki, Alex Loftus, Aditya Ratan Jannali, Nikhil Prakash, Jasmine Cui, Giordano Rogers, Jannik Brinkmann, Can Rager, Amir Zur, Michael Ripa, Aruna Sankaranarayanan, David Atkinson, Rohit Gandikota, Jaden Fiotto-Kaufman, EunJeong Hwang, Hadas Orgad, P Sam Sahil, Negev Taglicht, Tomer Shabtay, Atai Ambus, Nitay Alon, Shiri Oron, Ayelet Gordon-Tapiero, Yotam Kaplan, Vered Shwartz, Tamar Rott Shaham, Christoph Riedl, Reuth Mirsky, Maarten Sap, David Manheim, Tomer Ullman, David Bau
2026-04-10 18:27:16 | INFO | CI | Extracted abstract: We report an exploratory red-teaming study of autonomous language-model-powered agents deployed in a...
2026-04-10 18:27:16 | INFO | CI | ========================
2026-04-10 18:27:16 | INFO | CI | STAGE 03b: Extract metadata field subjects from subheader
2026-04-10 18:27:16 | INFO | CI | ========================
2026-04-10 18:27:16 | INFO | CI | Extracted subjects: Computer Science > Artificial Intelligence
2026-04-10 18:27:16 | INFO | CI | ========================
2026-04-10 18:27:16 | INFO | CI | STAGE 03c: Extract metadata field date from dateline
2026-04-10 18:27:16 | INFO | CI | ========================
2026-04-10 18:27:16 | INFO | CI | Extracted submitted: [Submitted on 23 Feb 2026]
2026-04-10 18:27:16 | INFO | CI | ========================
2026-04-10 18:27:16 | INFO | CI | STAGE 03d: Extract metadata field arxiv_id from canonical link
2026-04-10 18:27:16 | INFO | CI | ========================
2026-04-10 18:27:16 | INFO | CI | Extracted arxiv_id: 2602.20021
2026-04-10 18:27:16 | INFO | CI | ========================
2026-04-10 18:27:16 | INFO | CI | STAGE 03e: Calculate derived fields
2026-04-10 18:27:16 | INFO | CI | ========================
2026-04-10 18:27:16 | INFO | CI | Calculated abstract word count: 177
2026-04-10 18:27:16 | INFO | CI | Calculated author count: 38
2026-04-10 18:27:16 | INFO | CI | ========================
2026-04-10 18:27:16 | INFO | CI | STAGE 03f: Build record and create DataFrame
2026-04-10 18:27:16 | INFO | CI | ========================
2026-04-10 18:27:16 | INFO | CI | Created DataFrame with 1 row and 8 columns
2026-04-10 18:27:16 | INFO | CI | Columns: ['arxiv_id', 'title', 'authors', 'subjects', 'submitted', 'abstract', 'abstract_word_count', 'author_count']
2026-04-10 18:27:16 | INFO | CI | DataFrame Details
2026-04-10 18:27:16 | INFO | CI |   Title: Agents of Chaos
2026-04-10 18:27:16 | INFO | CI |   Author count: 38
2026-04-10 18:27:16 | INFO | CI |   Abstract word count: 177
2026-04-10 18:27:16 | INFO | CI |   DataFrame preview:
     arxiv_id            title  ... abstract_word_count author_count
0  2602.20021  Agents of Chaos  ...                 177           38

[1 rows x 8 columns]
2026-04-10 18:27:16 | INFO | CI | Sink: Pandas DataFrame created
2026-04-10 18:27:16 | INFO | CI | Transformation complete.
2026-04-10 18:27:16 | INFO | CI | ========================
2026-04-10 18:27:16 | INFO | CI | STAGE 04: LOAD starting...
2026-04-10 18:27:16 | INFO | CI | ========================
2026-04-10 18:27:16 | INFO | CI | SINK PATH = data/processed/case_processed.csv
2026-04-10 18:27:16 | INFO | CI | ========================
2026-04-10 18:27:16 | INFO | CI | Pipeline executed successfully!
2026-04-10 18:27:16 | INFO | CI | ========================
2026-04-10 18:44:32 | INFO | CI | === RUN START ===
2026-04-10 18:44:32 | INFO | CI | project=Module 5: EVTL PIPELINE - WEB DOCUMENTS (HTML)
2026-04-10 18:44:32 | INFO | CI | repo_dir=nlp-05-web-documents
2026-04-10 18:44:32 | INFO | CI | python=3.14.3
2026-04-10 18:44:32 | INFO | CI | os=Darwin 23.4.0
2026-04-10 18:44:32 | INFO | CI | shell=zsh
2026-04-10 18:44:32 | INFO | CI | cwd=.
2026-04-10 18:44:32 | INFO | CI | github_actions=False
2026-04-10 18:44:32 | INFO | CI | START PIPELINE
2026-04-10 18:44:32 | INFO | CI | ROOT_PATH = .
2026-04-10 18:44:32 | INFO | CI | DATA_PATH = data
2026-04-10 18:44:32 | INFO | CI | RAW_PATH = data/raw
2026-04-10 18:44:32 | INFO | CI | PROCESSED_PATH = data/processed
2026-04-10 18:44:32 | INFO | CI | ========================
2026-04-10 18:44:32 | INFO | CI | STAGE 01: EXTRACT starting... 
2026-04-10 18:44:32 | INFO | CI | ========================
2026-04-10 18:44:32 | INFO | CI | EXTRACT: Fetching HTML from https://arxiv.org/abs/2602.20021
2026-04-10 18:44:32 | INFO | CI | SOURCE URL = https://arxiv.org/abs/2602.20021
2026-04-10 18:44:32 | INFO | CI | SINK PATH = data/raw/case_raw.html
2026-04-10 18:44:32 | INFO | CI | ========================
2026-04-10 18:44:32 | INFO | CI | STAGE 02: VALIDATE starting...
2026-04-10 18:44:32 | INFO | CI | ========================
2026-04-10 18:44:32 | INFO | CI | HTML STRUCTURE INSPECTION:
2026-04-10 18:44:32 | INFO | CI | Top-level type: BeautifulSoup
2026-04-10 18:44:32 | INFO | CI | Top-level elements: ['html']
2026-04-10 18:44:32 | INFO | CI | VALIDATE: Title found: True
2026-04-10 18:44:32 | INFO | CI | VALIDATE: Authors found: True
2026-04-10 18:44:32 | INFO | CI | VALIDATE: Abstract found: True
2026-04-10 18:44:32 | INFO | CI | VALIDATE: Subjects found: True
2026-04-10 18:44:32 | INFO | CI | VALIDATE: Dateline found: True
2026-04-10 18:44:32 | INFO | CI | VALIDATE: HTML structure is valid.
2026-04-10 18:44:32 | INFO | CI | Sink: validated BeautifulSoup object
2026-04-10 18:44:32 | INFO | CI | ========================
2026-04-10 18:44:32 | INFO | CI | STAGE 03: TRANSFORM starting...
2026-04-10 18:44:32 | INFO | CI | ========================
2026-04-10 18:44:32 | INFO | CI | Extracting metadata from HTML
2026-04-10 18:44:32 | INFO | CI | We must manually inspect the HTML structure to identify the fields we want to extract.
2026-04-10 18:44:32 | INFO | CI | For this arXiv page, we can extract:
- Title from <h1 class='title'>
- Authors from <div class='authors'>
- Abstract from <blockquote class='abstract'>
- Primary subject from <div class='subheader'>
- Submission date from <div class='dateline'>
- ArXiv ID from canonical link
2026-04-10 18:44:32 | INFO | CI | Replace any missing content with `unknown` to ensure all are strings.
2026-04-10 18:44:32 | INFO | CI | ========================
2026-04-10 18:44:32 | INFO | CI | STAGE 03a: Extract bibliographic fields (title, authors, abstract)
2026-04-10 18:44:32 | INFO | CI | ========================
2026-04-10 18:44:32 | INFO | CI | Extracted title: Agents of Chaos
2026-04-10 18:44:32 | INFO | CI | Extracted authors: Natalie Shapira, Chris Wendler, Avery Yen, Gabriele Sarti, Koyena Pal, Olivia Floody, Adam Belfki, Alex Loftus, Aditya Ratan Jannali, Nikhil Prakash, Jasmine Cui, Giordano Rogers, Jannik Brinkmann, Can Rager, Amir Zur, Michael Ripa, Aruna Sankaranarayanan, David Atkinson, Rohit Gandikota, Jaden Fiotto-Kaufman, EunJeong Hwang, Hadas Orgad, P Sam Sahil, Negev Taglicht, Tomer Shabtay, Atai Ambus, Nitay Alon, Shiri Oron, Ayelet Gordon-Tapiero, Yotam Kaplan, Vered Shwartz, Tamar Rott Shaham, Christoph Riedl, Reuth Mirsky, Maarten Sap, David Manheim, Tomer Ullman, David Bau
2026-04-10 18:44:32 | INFO | CI | Extracted abstract: We report an exploratory red-teaming study of autonomous language-model-powered agents deployed in a...
2026-04-10 18:44:32 | INFO | CI | ========================
2026-04-10 18:44:32 | INFO | CI | STAGE 03b: Extract metadata field subjects from subheader
2026-04-10 18:44:32 | INFO | CI | ========================
2026-04-10 18:44:32 | INFO | CI | Extracted subjects: Computer Science > Artificial Intelligence
2026-04-10 18:44:32 | INFO | CI | ========================
2026-04-10 18:44:32 | INFO | CI | STAGE 03c: Extract metadata field date from dateline
2026-04-10 18:44:32 | INFO | CI | ========================
2026-04-10 18:44:32 | INFO | CI | Extracted submitted: [Submitted on 23 Feb 2026]
2026-04-10 18:44:32 | INFO | CI | ========================
2026-04-10 18:44:32 | INFO | CI | STAGE 03d: Extract metadata field arxiv_id from canonical link
2026-04-10 18:44:32 | INFO | CI | ========================
2026-04-10 18:44:32 | INFO | CI | Extracted arxiv_id: 2602.20021
2026-04-10 18:44:32 | INFO | CI | ========================
2026-04-10 18:44:32 | INFO | CI | STAGE 03e: Calculate derived fields
2026-04-10 18:44:32 | INFO | CI | ========================
2026-04-10 18:44:32 | INFO | CI | Calculated abstract word count: 177
2026-04-10 18:44:32 | INFO | CI | Calculated author count: 38
2026-04-10 18:44:32 | INFO | CI | ========================
2026-04-10 18:44:32 | INFO | CI | STAGE 03f: Build record and create DataFrame
2026-04-10 18:44:32 | INFO | CI | ========================
2026-04-10 18:44:32 | INFO | CI | Created DataFrame with 1 row and 8 columns
2026-04-10 18:44:32 | INFO | CI | Columns: ['arxiv_id', 'title', 'authors', 'subjects', 'submitted', 'abstract', 'abstract_word_count', 'author_count']
2026-04-10 18:44:32 | INFO | CI | DataFrame Details
2026-04-10 18:44:32 | INFO | CI |   Title: Agents of Chaos
2026-04-10 18:44:32 | INFO | CI |   Author count: 38
2026-04-10 18:44:32 | INFO | CI |   Abstract word count: 177
2026-04-10 18:44:32 | INFO | CI |   DataFrame preview:
     arxiv_id            title  ... abstract_word_count author_count
0  2602.20021  Agents of Chaos  ...                 177           38

[1 rows x 8 columns]
2026-04-10 18:44:32 | INFO | CI | Sink: Pandas DataFrame created
2026-04-10 18:44:32 | INFO | CI | Transformation complete.
2026-04-10 18:44:32 | INFO | CI | ========================
2026-04-10 18:44:32 | INFO | CI | STAGE 04: LOAD starting...
2026-04-10 18:44:32 | INFO | CI | ========================
2026-04-10 18:44:32 | INFO | CI | SINK PATH = data/processed/case_processed.csv
2026-04-10 18:44:32 | INFO | CI | ========================
2026-04-10 18:44:32 | INFO | CI | Pipeline executed successfully!
2026-04-10 18:44:32 | INFO | CI | ========================
2026-04-10 19:00:56 | INFO | CI | === RUN START ===
2026-04-10 19:00:56 | INFO | CI | project=Module 5: EVTL PIPELINE - WEB DOCUMENTS (HTML)
2026-04-10 19:00:56 | INFO | CI | repo_dir=nlp-05-web-documents
2026-04-10 19:00:56 | INFO | CI | python=3.14.3
2026-04-10 19:00:56 | INFO | CI | os=Darwin 23.4.0
2026-04-10 19:00:56 | INFO | CI | shell=zsh
2026-04-10 19:00:56 | INFO | CI | cwd=.
2026-04-10 19:00:56 | INFO | CI | github_actions=False
2026-04-10 19:00:56 | INFO | CI | START PIPELINE
2026-04-10 19:00:56 | INFO | CI | ROOT_PATH = .
2026-04-10 19:00:56 | INFO | CI | DATA_PATH = data
2026-04-10 19:00:56 | INFO | CI | RAW_PATH = data/raw
2026-04-10 19:00:56 | INFO | CI | PROCESSED_PATH = data/processed
2026-04-10 19:00:56 | INFO | CI | ========================
2026-04-10 19:00:56 | INFO | CI | STAGE 01: EXTRACT starting... 
2026-04-10 19:00:56 | INFO | CI | ========================
2026-04-10 19:00:56 | INFO | CI | EXTRACT: Fetching HTML from https://arxiv.org/abs/2602.20021
2026-04-10 19:00:56 | INFO | CI | SOURCE URL = https://arxiv.org/abs/2602.20021
2026-04-10 19:00:56 | INFO | CI | SINK PATH = data/raw/case_raw.html
2026-04-10 19:00:56 | INFO | CI | ========================
2026-04-10 19:00:56 | INFO | CI | STAGE 02: VALIDATE starting...
2026-04-10 19:00:56 | INFO | CI | ========================
2026-04-10 19:00:56 | INFO | CI | HTML STRUCTURE INSPECTION:
2026-04-10 19:00:56 | INFO | CI | Top-level type: BeautifulSoup
2026-04-10 19:00:56 | INFO | CI | Top-level elements: ['html']
2026-04-10 19:00:56 | INFO | CI | VALIDATE: Title found: True
2026-04-10 19:00:56 | INFO | CI | VALIDATE: Authors found: True
2026-04-10 19:00:56 | INFO | CI | VALIDATE: Abstract found: True
2026-04-10 19:00:56 | INFO | CI | VALIDATE: Subjects found: True
2026-04-10 19:00:56 | INFO | CI | VALIDATE: Dateline found: True
2026-04-10 19:00:56 | INFO | CI | VALIDATE: HTML structure is valid.
2026-04-10 19:00:56 | INFO | CI | Sink: validated BeautifulSoup object
2026-04-10 19:00:56 | INFO | CI | ========================
2026-04-10 19:00:56 | INFO | CI | STAGE 03: TRANSFORM starting...
2026-04-10 19:00:56 | INFO | CI | ========================
2026-04-10 19:00:56 | INFO | CI | Extracting metadata from HTML
2026-04-10 19:00:56 | INFO | CI | We must manually inspect the HTML structure to identify the fields we want to extract.
2026-04-10 19:00:56 | INFO | CI | For this arXiv page, we can extract:
- Title from <h1 class='title'>
- Authors from <div class='authors'>
- Abstract from <blockquote class='abstract'>
- Primary subject from <div class='subheader'>
- Submission date from <div class='dateline'>
- ArXiv ID from canonical link
2026-04-10 19:00:56 | INFO | CI | Replace any missing content with `unknown` to ensure all are strings.
2026-04-10 19:00:56 | INFO | CI | ========================
2026-04-10 19:00:56 | INFO | CI | STAGE 03a: Extract bibliographic fields (title, authors, abstract)
2026-04-10 19:00:56 | INFO | CI | ========================
2026-04-10 19:00:56 | INFO | CI | Extracted title: Agents of Chaos
2026-04-10 19:00:56 | INFO | CI | Extracted authors: Natalie Shapira, Chris Wendler, Avery Yen, Gabriele Sarti, Koyena Pal, Olivia Floody, Adam Belfki, Alex Loftus, Aditya Ratan Jannali, Nikhil Prakash, Jasmine Cui, Giordano Rogers, Jannik Brinkmann, Can Rager, Amir Zur, Michael Ripa, Aruna Sankaranarayanan, David Atkinson, Rohit Gandikota, Jaden Fiotto-Kaufman, EunJeong Hwang, Hadas Orgad, P Sam Sahil, Negev Taglicht, Tomer Shabtay, Atai Ambus, Nitay Alon, Shiri Oron, Ayelet Gordon-Tapiero, Yotam Kaplan, Vered Shwartz, Tamar Rott Shaham, Christoph Riedl, Reuth Mirsky, Maarten Sap, David Manheim, Tomer Ullman, David Bau
2026-04-10 19:00:56 | INFO | CI | Extracted abstract: We report an exploratory red-teaming study of autonomous language-model-powered agents deployed in a...
2026-04-10 19:00:56 | INFO | CI | ========================
2026-04-10 19:00:56 | INFO | CI | STAGE 03b: Extract metadata field subjects from subheader
2026-04-10 19:00:56 | INFO | CI | ========================
2026-04-10 19:00:56 | INFO | CI | Extracted subjects: Computer Science > Artificial Intelligence
2026-04-10 19:00:56 | INFO | CI | ========================
2026-04-10 19:00:56 | INFO | CI | STAGE 03c: Extract metadata field date from dateline
2026-04-10 19:00:56 | INFO | CI | ========================
2026-04-10 19:00:56 | INFO | CI | Extracted submitted: [Submitted on 23 Feb 2026]
2026-04-10 19:00:56 | INFO | CI | ========================
2026-04-10 19:00:56 | INFO | CI | STAGE 03d: Extract metadata field arxiv_id from canonical link
2026-04-10 19:00:56 | INFO | CI | ========================
2026-04-10 19:00:56 | INFO | CI | Extracted arxiv_id: 2602.20021
2026-04-10 19:00:56 | INFO | CI | ========================
2026-04-10 19:00:56 | INFO | CI | STAGE 03e: Calculate derived fields
2026-04-10 19:00:56 | INFO | CI | ========================
2026-04-10 19:00:56 | INFO | CI | Calculated abstract word count: 177
2026-04-10 19:00:56 | INFO | CI | Calculated author count: 38
2026-04-10 19:00:56 | INFO | CI | ========================
2026-04-10 19:00:56 | INFO | CI | STAGE 03f: Build record and create DataFrame
2026-04-10 19:00:56 | INFO | CI | ========================
2026-04-10 19:00:56 | INFO | CI | Created DataFrame with 1 row and 8 columns
2026-04-10 19:00:56 | INFO | CI | Columns: ['arxiv_id', 'title', 'authors', 'subjects', 'submitted', 'abstract', 'abstract_word_count', 'author_count']
2026-04-10 19:00:56 | INFO | CI | DataFrame Details
2026-04-10 19:00:56 | INFO | CI |   Title: Agents of Chaos
2026-04-10 19:00:56 | INFO | CI |   Author count: 38
2026-04-10 19:00:56 | INFO | CI |   Abstract word count: 177
2026-04-10 19:00:56 | INFO | CI |   DataFrame preview:
     arxiv_id            title  ... abstract_word_count author_count
0  2602.20021  Agents of Chaos  ...                 177           38

[1 rows x 8 columns]
2026-04-10 19:00:56 | INFO | CI | Sink: Pandas DataFrame created
2026-04-10 19:00:56 | INFO | CI | Transformation complete.
2026-04-10 19:00:56 | INFO | CI | ========================
2026-04-10 19:00:56 | INFO | CI | STAGE 04: LOAD starting...
2026-04-10 19:00:56 | INFO | CI | ========================
2026-04-10 19:00:56 | INFO | CI | SINK PATH = data/processed/case_processed.csv
2026-04-10 19:00:56 | INFO | CI | ========================
2026-04-10 19:00:56 | INFO | CI | Pipeline executed successfully!
2026-04-10 19:00:56 | INFO | CI | ========================
2026-04-10 19:49:09 | INFO | CI | === RUN START ===
2026-04-10 19:49:09 | INFO | CI | project=Module 5: EVTL PIPELINE - WEB DOCUMENTS (HTML)
2026-04-10 19:49:09 | INFO | CI | repo_dir=nlp-05-web-documents
2026-04-10 19:49:09 | INFO | CI | python=3.14.3
2026-04-10 19:49:09 | INFO | CI | os=Darwin 23.4.0
2026-04-10 19:49:09 | INFO | CI | shell=zsh
2026-04-10 19:49:09 | INFO | CI | cwd=.
2026-04-10 19:49:09 | INFO | CI | github_actions=False
2026-04-10 19:49:09 | INFO | CI | START PIPELINE
2026-04-10 19:49:09 | INFO | CI | ROOT_PATH = .
2026-04-10 19:49:09 | INFO | CI | DATA_PATH = data
2026-04-10 19:49:09 | INFO | CI | RAW_PATH = data/raw
2026-04-10 19:49:09 | INFO | CI | PROCESSED_PATH = data/processed
2026-04-10 19:49:09 | INFO | CI | ========================
2026-04-10 19:49:09 | INFO | CI | STAGE 01: EXTRACT starting... 
2026-04-10 19:49:09 | INFO | CI | ========================
2026-04-10 19:49:09 | INFO | CI | EXTRACT: Fetching HTML from https://arxiv.org/abs/2602.20021
2026-04-10 19:49:10 | INFO | CI | SOURCE URL = https://arxiv.org/abs/2602.20021
2026-04-10 19:49:10 | INFO | CI | SINK PATH = data/raw/case_raw.html
2026-04-10 19:49:10 | INFO | CI | ========================
2026-04-10 19:49:10 | INFO | CI | STAGE 02: VALIDATE starting...
2026-04-10 19:49:10 | INFO | CI | ========================
2026-04-10 19:49:10 | INFO | CI | HTML STRUCTURE INSPECTION:
2026-04-10 19:49:10 | INFO | CI | Top-level type: BeautifulSoup
2026-04-10 19:49:10 | INFO | CI | Top-level elements: ['html']
2026-04-10 19:49:10 | INFO | CI | VALIDATE: Title found: True
2026-04-10 19:49:10 | INFO | CI | VALIDATE: Authors found: True
2026-04-10 19:49:10 | INFO | CI | VALIDATE: Abstract found: True
2026-04-10 19:49:10 | INFO | CI | VALIDATE: Subjects found: True
2026-04-10 19:49:10 | INFO | CI | VALIDATE: Dateline found: True
2026-04-10 19:49:10 | INFO | CI | VALIDATE: HTML structure is valid.
2026-04-10 19:49:10 | INFO | CI | Sink: validated BeautifulSoup object
2026-04-10 19:49:10 | INFO | CI | ========================
2026-04-10 19:49:10 | INFO | CI | STAGE 03: TRANSFORM starting...
2026-04-10 19:49:10 | INFO | CI | ========================
2026-04-10 19:49:10 | INFO | CI | Extracting metadata from HTML
2026-04-10 19:49:10 | INFO | CI | We must manually inspect the HTML structure to identify the fields we want to extract.
2026-04-10 19:49:10 | INFO | CI | For this arXiv page, we can extract:
- Title from <h1 class='title'>
- Authors from <div class='authors'>
- Abstract from <blockquote class='abstract'>
- Primary subject from <div class='subheader'>
- Submission date from <div class='dateline'>
- ArXiv ID from canonical link
2026-04-10 19:49:10 | INFO | CI | Replace any missing content with `unknown` to ensure all are strings.
2026-04-10 19:49:10 | INFO | CI | ========================
2026-04-10 19:49:10 | INFO | CI | STAGE 03a: Extract bibliographic fields (title, authors, abstract)
2026-04-10 19:49:10 | INFO | CI | ========================
2026-04-10 19:49:10 | INFO | CI | Extracted title: Agents of Chaos
2026-04-10 19:49:10 | INFO | CI | Extracted authors: Natalie Shapira, Chris Wendler, Avery Yen, Gabriele Sarti, Koyena Pal, Olivia Floody, Adam Belfki, Alex Loftus, Aditya Ratan Jannali, Nikhil Prakash, Jasmine Cui, Giordano Rogers, Jannik Brinkmann, Can Rager, Amir Zur, Michael Ripa, Aruna Sankaranarayanan, David Atkinson, Rohit Gandikota, Jaden Fiotto-Kaufman, EunJeong Hwang, Hadas Orgad, P Sam Sahil, Negev Taglicht, Tomer Shabtay, Atai Ambus, Nitay Alon, Shiri Oron, Ayelet Gordon-Tapiero, Yotam Kaplan, Vered Shwartz, Tamar Rott Shaham, Christoph Riedl, Reuth Mirsky, Maarten Sap, David Manheim, Tomer Ullman, David Bau
2026-04-10 19:49:10 | INFO | CI | Extracted abstract: We report an exploratory red-teaming study of autonomous language-model-powered agents deployed in a...
2026-04-10 19:49:10 | INFO | CI | ========================
2026-04-10 19:49:10 | INFO | CI | STAGE 03b: Extract metadata field subjects from subheader
2026-04-10 19:49:10 | INFO | CI | ========================
2026-04-10 19:49:10 | INFO | CI | Extracted subjects: Computer Science > Artificial Intelligence
2026-04-10 19:49:10 | INFO | CI | ========================
2026-04-10 19:49:10 | INFO | CI | STAGE 03c: Extract metadata field date from dateline
2026-04-10 19:49:10 | INFO | CI | ========================
2026-04-10 19:49:10 | INFO | CI | Extracted submitted: [Submitted on 23 Feb 2026]
2026-04-10 19:49:10 | INFO | CI | ========================
2026-04-10 19:49:10 | INFO | CI | STAGE 03d: Extract metadata field arxiv_id from canonical link
2026-04-10 19:49:10 | INFO | CI | ========================
2026-04-10 19:49:10 | INFO | CI | Extracted arxiv_id: 2602.20021
2026-04-10 19:49:10 | INFO | CI | ========================
2026-04-10 19:49:10 | INFO | CI | STAGE 03e: Calculate derived fields
2026-04-10 19:49:10 | INFO | CI | ========================
2026-04-10 19:49:10 | INFO | CI | Calculated abstract word count: 177
2026-04-10 19:49:10 | INFO | CI | Calculated author count: 38
2026-04-10 19:49:10 | INFO | CI | ========================
2026-04-10 19:49:10 | INFO | CI | STAGE 03f: Build record and create DataFrame
2026-04-10 19:49:10 | INFO | CI | ========================
2026-04-10 19:49:10 | INFO | CI | Created DataFrame with 1 row and 8 columns
2026-04-10 19:49:10 | INFO | CI | Columns: ['arxiv_id', 'title', 'authors', 'subjects', 'submitted', 'abstract', 'abstract_word_count', 'author_count']
2026-04-10 19:49:10 | INFO | CI | DataFrame Details
2026-04-10 19:49:10 | INFO | CI |   Title: Agents of Chaos
2026-04-10 19:49:10 | INFO | CI |   Author count: 38
2026-04-10 19:49:10 | INFO | CI |   Abstract word count: 177
2026-04-10 19:49:10 | INFO | CI |   DataFrame preview:
     arxiv_id            title  ... abstract_word_count author_count
0  2602.20021  Agents of Chaos  ...                 177           38

[1 rows x 8 columns]
2026-04-10 19:49:10 | INFO | CI | Sink: Pandas DataFrame created
2026-04-10 19:49:10 | INFO | CI | Transformation complete.
2026-04-10 19:49:10 | INFO | CI | ========================
2026-04-10 19:49:10 | INFO | CI | STAGE 04: LOAD starting...
2026-04-10 19:49:10 | INFO | CI | ========================
2026-04-10 19:49:10 | INFO | CI | SINK PATH = data/processed/case_processed.csv
2026-04-10 19:49:10 | INFO | CI | ========================
2026-04-10 19:49:10 | INFO | CI | Pipeline executed successfully!
2026-04-10 19:49:10 | INFO | CI | ========================
2026-04-10 19:50:46 | INFO | CI | === RUN START ===
2026-04-10 19:50:46 | INFO | CI | project=Module 5: EVTL PIPELINE - WEB DOCUMENTS (HTML)
2026-04-10 19:50:46 | INFO | CI | repo_dir=nlp-05-web-documents
2026-04-10 19:50:46 | INFO | CI | python=3.14.3
2026-04-10 19:50:46 | INFO | CI | os=Darwin 23.4.0
2026-04-10 19:50:46 | INFO | CI | shell=zsh
2026-04-10 19:50:46 | INFO | CI | cwd=.
2026-04-10 19:50:46 | INFO | CI | github_actions=False
2026-04-10 19:50:46 | INFO | CI | START PIPELINE
2026-04-10 19:50:46 | INFO | CI | ROOT_PATH = .
2026-04-10 19:50:46 | INFO | CI | DATA_PATH = data
2026-04-10 19:50:46 | INFO | CI | RAW_PATH = data/raw
2026-04-10 19:50:46 | INFO | CI | PROCESSED_PATH = data/processed
2026-04-10 19:50:46 | INFO | CI | ========================
2026-04-10 19:50:46 | INFO | CI | STAGE 01: EXTRACT starting... 
2026-04-10 19:50:46 | INFO | CI | ========================
2026-04-10 19:50:46 | INFO | CI | EXTRACT: Fetching HTML from https://arxiv.org/abs/2602.20021
2026-04-10 19:50:46 | INFO | CI | SOURCE URL = https://arxiv.org/abs/2602.20021
2026-04-10 19:50:46 | INFO | CI | SINK PATH = data/raw/case_raw.html
2026-04-10 19:50:46 | INFO | CI | ========================
2026-04-10 19:50:46 | INFO | CI | STAGE 02: VALIDATE starting...
2026-04-10 19:50:46 | INFO | CI | ========================
2026-04-10 19:50:46 | INFO | CI | HTML STRUCTURE INSPECTION:
2026-04-10 19:50:46 | INFO | CI | Top-level type: BeautifulSoup
2026-04-10 19:50:46 | INFO | CI | Top-level elements: ['html']
2026-04-10 19:50:46 | INFO | CI | VALIDATE: Title found: True
2026-04-10 19:50:46 | INFO | CI | VALIDATE: Authors found: True
2026-04-10 19:50:46 | INFO | CI | VALIDATE: Abstract found: True
2026-04-10 19:50:46 | INFO | CI | VALIDATE: Subjects found: True
2026-04-10 19:50:46 | INFO | CI | VALIDATE: Dateline found: True
2026-04-10 19:50:46 | INFO | CI | VALIDATE: HTML structure is valid.
2026-04-10 19:50:46 | INFO | CI | Sink: validated BeautifulSoup object
2026-04-10 19:50:46 | INFO | CI | ========================
2026-04-10 19:50:46 | INFO | CI | STAGE 03: TRANSFORM starting...
2026-04-10 19:50:46 | INFO | CI | ========================
2026-04-10 19:50:46 | INFO | CI | Extracting metadata from HTML
2026-04-10 19:50:46 | INFO | CI | We must manually inspect the HTML structure to identify the fields we want to extract.
2026-04-10 19:50:46 | INFO | CI | For this arXiv page, we can extract:
- Title from <h1 class='title'>
- Authors from <div class='authors'>
- Abstract from <blockquote class='abstract'>
- Primary subject from <div class='subheader'>
- Submission date from <div class='dateline'>
- ArXiv ID from canonical link
2026-04-10 19:50:46 | INFO | CI | Replace any missing content with `unknown` to ensure all are strings.
2026-04-10 19:50:46 | INFO | CI | ========================
2026-04-10 19:50:46 | INFO | CI | STAGE 03a: Extract bibliographic fields (title, authors, abstract)
2026-04-10 19:50:46 | INFO | CI | ========================
2026-04-10 19:50:46 | INFO | CI | Extracted title: Agents of Chaos
2026-04-10 19:50:46 | INFO | CI | Extracted authors: Natalie Shapira, Chris Wendler, Avery Yen, Gabriele Sarti, Koyena Pal, Olivia Floody, Adam Belfki, Alex Loftus, Aditya Ratan Jannali, Nikhil Prakash, Jasmine Cui, Giordano Rogers, Jannik Brinkmann, Can Rager, Amir Zur, Michael Ripa, Aruna Sankaranarayanan, David Atkinson, Rohit Gandikota, Jaden Fiotto-Kaufman, EunJeong Hwang, Hadas Orgad, P Sam Sahil, Negev Taglicht, Tomer Shabtay, Atai Ambus, Nitay Alon, Shiri Oron, Ayelet Gordon-Tapiero, Yotam Kaplan, Vered Shwartz, Tamar Rott Shaham, Christoph Riedl, Reuth Mirsky, Maarten Sap, David Manheim, Tomer Ullman, David Bau
2026-04-10 19:50:46 | INFO | CI | Extracted abstract: We report an exploratory red-teaming study of autonomous language-model-powered agents deployed in a...
2026-04-10 19:50:46 | INFO | CI | ========================
2026-04-10 19:50:46 | INFO | CI | STAGE 03b: Extract metadata field subjects from subheader
2026-04-10 19:50:46 | INFO | CI | ========================
2026-04-10 19:50:46 | INFO | CI | Extracted subjects: Computer Science > Artificial Intelligence
2026-04-10 19:50:46 | INFO | CI | ========================
2026-04-10 19:50:46 | INFO | CI | STAGE 03c: Extract metadata field date from dateline
2026-04-10 19:50:46 | INFO | CI | ========================
2026-04-10 19:50:46 | INFO | CI | Extracted submitted: [Submitted on 23 Feb 2026]
2026-04-10 19:50:46 | INFO | CI | ========================
2026-04-10 19:50:46 | INFO | CI | STAGE 03d: Extract metadata field arxiv_id from canonical link
2026-04-10 19:50:46 | INFO | CI | ========================
2026-04-10 19:50:46 | INFO | CI | Extracted arxiv_id: 2602.20021
2026-04-10 19:50:46 | INFO | CI | ========================
2026-04-10 19:50:46 | INFO | CI | STAGE 03e: Calculate derived fields
2026-04-10 19:50:46 | INFO | CI | ========================
2026-04-10 19:50:46 | INFO | CI | Calculated abstract word count: 177
2026-04-10 19:50:46 | INFO | CI | Calculated author count: 38
2026-04-10 19:50:46 | INFO | CI | ========================
2026-04-10 19:50:46 | INFO | CI | STAGE 03f: Build record and create DataFrame
2026-04-10 19:50:46 | INFO | CI | ========================
2026-04-10 19:50:46 | INFO | CI | Created DataFrame with 1 row and 8 columns
2026-04-10 19:50:46 | INFO | CI | Columns: ['arxiv_id', 'title', 'authors', 'subjects', 'submitted', 'abstract', 'abstract_word_count', 'author_count']
2026-04-10 19:50:46 | INFO | CI | DataFrame Details
2026-04-10 19:50:46 | INFO | CI |   Title: Agents of Chaos
2026-04-10 19:50:46 | INFO | CI |   Author count: 38
2026-04-10 19:50:46 | INFO | CI |   Abstract word count: 177
2026-04-10 19:50:46 | INFO | CI |   DataFrame preview:
     arxiv_id            title  ... abstract_word_count author_count
0  2602.20021  Agents of Chaos  ...                 177           38

[1 rows x 8 columns]
2026-04-10 19:50:46 | INFO | CI | Sink: Pandas DataFrame created
2026-04-10 19:50:46 | INFO | CI | Transformation complete.
2026-04-10 19:50:46 | INFO | CI | ========================
2026-04-10 19:50:46 | INFO | CI | STAGE 04: LOAD starting...
2026-04-10 19:50:46 | INFO | CI | ========================
2026-04-10 19:50:46 | INFO | CI | SINK PATH = data/processed/case_processed.csv
2026-04-10 19:50:46 | INFO | CI | ========================
2026-04-10 19:50:46 | INFO | CI | Pipeline executed successfully!
2026-04-10 19:50:46 | INFO | CI | ========================
2026-04-10 19:51:13 | INFO | CI | === RUN START ===
2026-04-10 19:51:13 | INFO | CI | project=Module 5: EVTL PIPELINE - WEB DOCUMENTS (HTML)
2026-04-10 19:51:13 | INFO | CI | repo_dir=nlp-05-web-documents
2026-04-10 19:51:13 | INFO | CI | python=3.14.3
2026-04-10 19:51:13 | INFO | CI | os=Darwin 23.4.0
2026-04-10 19:51:13 | INFO | CI | shell=zsh
2026-04-10 19:51:13 | INFO | CI | cwd=.
2026-04-10 19:51:13 | INFO | CI | github_actions=False
2026-04-10 19:51:13 | INFO | CI | START PIPELINE
2026-04-10 19:51:13 | INFO | CI | ROOT_PATH = .
2026-04-10 19:51:13 | INFO | CI | DATA_PATH = data
2026-04-10 19:51:13 | INFO | CI | RAW_PATH = data/raw
2026-04-10 19:51:13 | INFO | CI | PROCESSED_PATH = data/processed
2026-04-10 19:51:13 | INFO | CI | ========================
2026-04-10 19:51:13 | INFO | CI | STAGE 01: EXTRACT starting... 
2026-04-10 19:51:13 | INFO | CI | ========================
2026-04-10 19:51:13 | INFO | CI | EXTRACT: Fetching HTML from https://arxiv.org/abs/2602.20021
2026-04-10 19:51:14 | INFO | CI | SOURCE URL = https://arxiv.org/abs/2602.20021
2026-04-10 19:51:14 | INFO | CI | SINK PATH = data/raw/case_raw.html
2026-04-10 19:51:14 | INFO | CI | ========================
2026-04-10 19:51:14 | INFO | CI | STAGE 02: VALIDATE starting...
2026-04-10 19:51:14 | INFO | CI | ========================
2026-04-10 19:51:14 | INFO | CI | HTML STRUCTURE INSPECTION:
2026-04-10 19:51:14 | INFO | CI | Top-level type: BeautifulSoup
2026-04-10 19:51:14 | INFO | CI | Top-level elements: ['html']
2026-04-10 19:51:14 | INFO | CI | VALIDATE: Title found: True
2026-04-10 19:51:14 | INFO | CI | VALIDATE: Authors found: True
2026-04-10 19:51:14 | INFO | CI | VALIDATE: Abstract found: True
2026-04-10 19:51:14 | INFO | CI | VALIDATE: Subjects found: True
2026-04-10 19:51:14 | INFO | CI | VALIDATE: Dateline found: True
2026-04-10 19:51:14 | INFO | CI | VALIDATE: HTML structure is valid.
2026-04-10 19:51:14 | INFO | CI | Sink: validated BeautifulSoup object
2026-04-10 19:51:14 | INFO | CI | ========================
2026-04-10 19:51:14 | INFO | CI | STAGE 03: TRANSFORM starting...
2026-04-10 19:51:14 | INFO | CI | ========================
2026-04-10 19:51:14 | INFO | CI | Extracting metadata from HTML
2026-04-10 19:51:14 | INFO | CI | We must manually inspect the HTML structure to identify the fields we want to extract.
2026-04-10 19:51:14 | INFO | CI | For this arXiv page, we can extract:
- Title from <h1 class='title'>
- Authors from <div class='authors'>
- Abstract from <blockquote class='abstract'>
- Primary subject from <div class='subheader'>
- Submission date from <div class='dateline'>
- ArXiv ID from canonical link
2026-04-10 19:51:14 | INFO | CI | Replace any missing content with `unknown` to ensure all are strings.
2026-04-10 19:51:14 | INFO | CI | ========================
2026-04-10 19:51:14 | INFO | CI | STAGE 03a: Extract bibliographic fields (title, authors, abstract)
2026-04-10 19:51:14 | INFO | CI | ========================
2026-04-10 19:51:14 | INFO | CI | Extracted title: Agents of Chaos
2026-04-10 19:51:14 | INFO | CI | Extracted authors: Natalie Shapira, Chris Wendler, Avery Yen, Gabriele Sarti, Koyena Pal, Olivia Floody, Adam Belfki, Alex Loftus, Aditya Ratan Jannali, Nikhil Prakash, Jasmine Cui, Giordano Rogers, Jannik Brinkmann, Can Rager, Amir Zur, Michael Ripa, Aruna Sankaranarayanan, David Atkinson, Rohit Gandikota, Jaden Fiotto-Kaufman, EunJeong Hwang, Hadas Orgad, P Sam Sahil, Negev Taglicht, Tomer Shabtay, Atai Ambus, Nitay Alon, Shiri Oron, Ayelet Gordon-Tapiero, Yotam Kaplan, Vered Shwartz, Tamar Rott Shaham, Christoph Riedl, Reuth Mirsky, Maarten Sap, David Manheim, Tomer Ullman, David Bau
2026-04-10 19:51:14 | INFO | CI | Extracted abstract: We report an exploratory red-teaming study of autonomous language-model-powered agents deployed in a...
2026-04-10 19:51:14 | INFO | CI | ========================
2026-04-10 19:51:14 | INFO | CI | STAGE 03b: Extract metadata field subjects from subheader
2026-04-10 19:51:14 | INFO | CI | ========================
2026-04-10 19:51:14 | INFO | CI | Extracted subjects: Computer Science > Artificial Intelligence
2026-04-10 19:51:14 | INFO | CI | ========================
2026-04-10 19:51:14 | INFO | CI | STAGE 03c: Extract metadata field date from dateline
2026-04-10 19:51:14 | INFO | CI | ========================
2026-04-10 19:51:14 | INFO | CI | Extracted submitted: [Submitted on 23 Feb 2026]
2026-04-10 19:51:14 | INFO | CI | ========================
2026-04-10 19:51:14 | INFO | CI | STAGE 03d: Extract metadata field arxiv_id from canonical link
2026-04-10 19:51:14 | INFO | CI | ========================
2026-04-10 19:51:14 | INFO | CI | Extracted arxiv_id: 2602.20021
2026-04-10 19:51:14 | INFO | CI | ========================
2026-04-10 19:51:14 | INFO | CI | STAGE 03e: Calculate derived fields
2026-04-10 19:51:14 | INFO | CI | ========================
2026-04-10 19:51:14 | INFO | CI | Calculated abstract word count: 177
2026-04-10 19:51:14 | INFO | CI | Calculated author count: 38
2026-04-10 19:51:14 | INFO | CI | ========================
2026-04-10 19:51:14 | INFO | CI | STAGE 03f: Build record and create DataFrame
2026-04-10 19:51:14 | INFO | CI | ========================
2026-04-10 19:51:14 | INFO | CI | Created DataFrame with 1 row and 8 columns
2026-04-10 19:51:14 | INFO | CI | Columns: ['arxiv_id', 'title', 'authors', 'subjects', 'submitted', 'abstract', 'abstract_word_count', 'author_count']
2026-04-10 19:51:14 | INFO | CI | DataFrame Details
2026-04-10 19:51:14 | INFO | CI |   Title: Agents of Chaos
2026-04-10 19:51:14 | INFO | CI |   Author count: 38
2026-04-10 19:51:14 | INFO | CI |   Abstract word count: 177
2026-04-10 19:51:14 | INFO | CI |   DataFrame preview:
     arxiv_id            title  ... abstract_word_count author_count
0  2602.20021  Agents of Chaos  ...                 177           38

[1 rows x 8 columns]
2026-04-10 19:51:14 | INFO | CI | Sink: Pandas DataFrame created
2026-04-10 19:51:14 | INFO | CI | Transformation complete.
2026-04-10 19:51:14 | INFO | CI | ========================
2026-04-10 19:51:14 | INFO | CI | STAGE 04: LOAD starting...
2026-04-10 19:51:14 | INFO | CI | ========================
2026-04-10 19:51:14 | INFO | CI | SINK PATH = data/processed/case_processed.csv
2026-04-10 19:51:14 | INFO | CI | ========================
2026-04-10 19:51:14 | INFO | CI | Pipeline executed successfully!
2026-04-10 19:51:14 | INFO | CI | ========================
2026-04-10 19:52:48 | INFO | CI | === RUN START ===
2026-04-10 19:52:48 | INFO | CI | project=Module 5: EVTL PIPELINE - WEB DOCUMENTS (HTML)
2026-04-10 19:52:48 | INFO | CI | repo_dir=nlp-05-web-documents
2026-04-10 19:52:48 | INFO | CI | python=3.14.3
2026-04-10 19:52:48 | INFO | CI | os=Darwin 23.4.0
2026-04-10 19:52:48 | INFO | CI | shell=zsh
2026-04-10 19:52:48 | INFO | CI | cwd=.
2026-04-10 19:52:48 | INFO | CI | github_actions=False
2026-04-10 19:52:48 | INFO | CI | START PIPELINE
2026-04-10 19:52:48 | INFO | CI | ROOT_PATH = .
2026-04-10 19:52:48 | INFO | CI | DATA_PATH = data
2026-04-10 19:52:48 | INFO | CI | RAW_PATH = data/raw
2026-04-10 19:52:48 | INFO | CI | PROCESSED_PATH = data/processed
2026-04-10 19:52:48 | INFO | CI | ========================
2026-04-10 19:52:48 | INFO | CI | STAGE 01: EXTRACT starting... 
2026-04-10 19:52:48 | INFO | CI | ========================
2026-04-10 19:52:48 | INFO | CI | EXTRACT: Fetching HTML from https://arxiv.org/abs/2507.22101
2026-04-10 19:52:48 | INFO | CI | SOURCE URL = https://arxiv.org/abs/2507.22101
2026-04-10 19:52:48 | INFO | CI | SINK PATH = data/raw/mahesh_raw.html
2026-04-10 19:52:48 | INFO | CI | ========================
2026-04-10 19:52:48 | INFO | CI | STAGE 02: VALIDATE starting...
2026-04-10 19:52:48 | INFO | CI | ========================
2026-04-10 19:52:48 | INFO | CI | HTML STRUCTURE INSPECTION:
2026-04-10 19:52:48 | INFO | CI | Top-level type: BeautifulSoup
2026-04-10 19:52:48 | INFO | CI | Top-level elements: ['html']
2026-04-10 19:52:48 | INFO | CI | VALIDATE: Title found: True
2026-04-10 19:52:48 | INFO | CI | VALIDATE: Authors found: True
2026-04-10 19:52:48 | INFO | CI | VALIDATE: Abstract found: True
2026-04-10 19:52:48 | INFO | CI | VALIDATE: Subjects found: True
2026-04-10 19:52:48 | INFO | CI | VALIDATE: Dateline found: True
2026-04-10 19:52:48 | INFO | CI | VALIDATE: HTML structure is valid.
2026-04-10 19:52:48 | INFO | CI | Sink: validated BeautifulSoup object
2026-04-10 19:52:48 | INFO | CI | ========================
2026-04-10 19:52:48 | INFO | CI | STAGE 03: TRANSFORM starting...
2026-04-10 19:52:48 | INFO | CI | ========================
2026-04-10 19:52:48 | INFO | CI | Extracting metadata from HTML
2026-04-10 19:52:48 | INFO | CI | We must manually inspect the HTML structure to identify the fields we want to extract.
2026-04-10 19:52:48 | INFO | CI | For this arXiv page, we can extract:
- Title from <h1 class='title'>
- Authors from <div class='authors'>
- Abstract from <blockquote class='abstract'>
- Primary subject from <div class='subheader'>
- Submission date from <div class='dateline'>
- ArXiv ID from canonical link
2026-04-10 19:52:48 | INFO | CI | Replace any missing content with `unknown` to ensure all are strings.
2026-04-10 19:52:48 | INFO | CI | ========================
2026-04-10 19:52:48 | INFO | CI | STAGE 03a: Extract bibliographic fields (title, authors, abstract)
2026-04-10 19:52:48 | INFO | CI | ========================
2026-04-10 19:52:48 | INFO | CI | Extracted title: AI in Agriculture: A Survey of Deep Learning Techniques for Crops, Fisheries and Livestock
2026-04-10 19:52:48 | INFO | CI | Extracted authors: Umair Nawaz, Muhammad Zaigham Zaheer, Fahad Shahbaz Khan, Hisham Cholakkal, Salman Khan, Rao Muhammad Anwer
2026-04-10 19:52:48 | INFO | CI | Extracted abstract: Crops, fisheries and livestock form the backbone of global food production, essential to feed the ev...
2026-04-10 19:52:48 | INFO | CI | ========================
2026-04-10 19:52:48 | INFO | CI | STAGE 03b: Extract metadata field subjects from subheader
2026-04-10 19:52:48 | INFO | CI | ========================
2026-04-10 19:52:48 | INFO | CI | Extracted subjects: Computer Science > Computer Vision and Pattern Recognition
2026-04-10 19:52:48 | INFO | CI | ========================
2026-04-10 19:52:48 | INFO | CI | STAGE 03c: Extract metadata field date from dateline
2026-04-10 19:52:48 | INFO | CI | ========================
2026-04-10 19:52:48 | INFO | CI | Extracted submitted: [Submitted on 29 Jul 2025]
2026-04-10 19:52:48 | INFO | CI | ========================
2026-04-10 19:52:48 | INFO | CI | STAGE 03d: Extract metadata field arxiv_id from canonical link
2026-04-10 19:52:48 | INFO | CI | ========================
2026-04-10 19:52:48 | INFO | CI | Extracted arxiv_id: 2507.22101
2026-04-10 19:52:48 | INFO | CI | ========================
2026-04-10 19:52:48 | INFO | CI | STAGE 03e: Calculate derived fields
2026-04-10 19:52:48 | INFO | CI | ========================
2026-04-10 19:52:48 | INFO | CI | Calculated abstract word count: 171
2026-04-10 19:52:48 | INFO | CI | Calculated author count: 6
2026-04-10 19:52:48 | INFO | CI | ========================
2026-04-10 19:52:48 | INFO | CI | STAGE 03f: Build record and create DataFrame
2026-04-10 19:52:48 | INFO | CI | ========================
2026-04-10 19:52:48 | INFO | CI | Created DataFrame with 1 row and 8 columns
2026-04-10 19:52:48 | INFO | CI | Columns: ['arxiv_id', 'title', 'authors', 'subjects', 'submitted', 'abstract', 'abstract_word_count', 'author_count']
2026-04-10 19:52:48 | INFO | CI | DataFrame Details
2026-04-10 19:52:48 | INFO | CI |   Title: AI in Agriculture: A Survey of Deep Learning Techniques for Crops, Fisheries and Livestock
2026-04-10 19:52:48 | INFO | CI |   Author count: 6
2026-04-10 19:52:48 | INFO | CI |   Abstract word count: 171
2026-04-10 19:52:48 | INFO | CI |   DataFrame preview:
     arxiv_id                                              title  ... abstract_word_count author_count
0  2507.22101  AI in Agriculture: A Survey of Deep Learning T...  ...                 171            6

[1 rows x 8 columns]
2026-04-10 19:52:48 | INFO | CI | Sink: Pandas DataFrame created
2026-04-10 19:52:48 | INFO | CI | Transformation complete.
2026-04-10 19:52:48 | INFO | CI | ========================
2026-04-10 19:52:48 | INFO | CI | STAGE 04: LOAD starting...
2026-04-10 19:52:48 | INFO | CI | ========================
2026-04-10 19:52:48 | INFO | CI | SINK PATH = data/processed/mahesh_processed.csv
2026-04-10 19:52:48 | INFO | CI | ========================
2026-04-10 19:52:48 | INFO | CI | Pipeline executed successfully!
2026-04-10 19:52:48 | INFO | CI | ========================
